("w", ["add"])
("add", ["x","y","z"])
("k", ["multiply"])
("multiply", ["x","z"])
("a", ["sub"])
("sub", ["k","y"])
