("w", ["add"])
("add", ["x","y","z"])
("k", ["multiply"])
("multiply", ["x","z"])
("a", ["sub"])
("sub", ["k","y"])
("b", ["increment"])
("increment", ["a"])
("c", ["increment"])
("increment", ["b"])
("d", ["add"])
("add", ["a","b","c"])
("e", ["multiply"])
("multiply", ["d","w"])
("f", ["sub"])
("sub", ["e","y"])
("g", ["add"])
("add", ["f","x"])
("h", ["increment"])
("increment", ["g"])
("i", ["increment"])
("increment", ["h"])
("j", ["add"])
("add", ["g","h","i"])
("k'", ["multiply"])
("multiply", ["j","f"])
("l", ["sub"])
("sub", ["k'","h"])
("m", ["add"])
("add", ["l","g"])
