("w", ["add"])
("add", ["x","y","z"])
("k", ["multiply"])
("multiply", ["x","z"])
("a", ["sub"])
("sub", ["k","y"])
("b", ["increment"])
("increment", ["a"])
("c", ["decrement"])
("decrement", ["b"])
("d", ["add"])
("add", ["a","b","c"])
("e", ["multiply"])
("multiply", ["d","w"])
("f", ["sub"])
("sub", ["e","y"])
("g", ["add"])
("add", ["f","x"])
("h", ["increment"])
("increment", ["g"])
("i", ["decrement"])
("decrement", ["h"])
("j", ["add"])
("add", ["g","h","i"])
("k", ["multiply"])
("multiply", ["j","f"])
("l", ["sub"])
("sub", ["k","h"])
("m", ["add"])
("add", ["l","g"])
("n", ["increment"])
("increment", ["m"])
("o", ["decrement"])
("decrement", ["n"])
("p", ["add"])
("add", ["m","n","o"])
("q", ["multiply"])
("multiply", ["p","l"])
("r", ["sub"])
("sub", ["q","n"])
("s", ["add"])
("add", ["r","m"])
("t", ["increment"])
("increment", ["s"])
("u", ["decrement"])
("decrement", ["t"])
("v", ["add"])
("add", ["s","t","u"])
("w'", ["multiply"])
("multiply", ["v","r"])
("x'", ["sub"])
("sub", ["w'","t"])
("y'", ["add"])
("add", ["x'","s"])
